// Vitest Snapshot v1, https://vitest.dev/guide/snapshot.html

exports[`should work 1`] = `
[
  "import { join } from 'node:path'

export const arr = []

export const obj = {
  a: '',

  b: () => 'b',

  c: {},
}

switch ('') {
  case '': {
    break
  }

  default: {
    break
  }
}

const ovo = 'ovo'
const ouo = 'ouo'

const qwq = {
  name: 'qwq',
}

const owo = 'owo'
const { a, b, c } = obj

'abc'.replace(/a(?<foo>b)c/u, '$<foo>')
",
  "\`\`\`ts
import { join } from 'node:path'

export const arr = []

export const obj = {
  a: '',

  b: () => 'b',

  c: {},
}

switch ('') {
  case '': {
    break
  }

  default: {
    break
  }
}

const ovo = 'ovo'
const ouo = 'ouo'

const qwq = {
  name: 'qwq',
}

const owo = 'owo'
const { a, b, c } = obj

'abc'.replace(/a(?<foo>b)c/u, '$<foo>')
\`\`\`
",
  "<script>
import { join } from 'node:path'

export const arr = []
export const obj = {
  a: '',

  b: () => 'b',

  c: {},
}

switch ('') {
  case '': {
    break
  }

  default: {
    break
  }
}

const ovo = 'ovo'
const ouo = 'ouo'

const qwq = {
  name: 'qwq',
}

const owo = 'owo'
const { a, b, c } = obj

'abc'.replace(/a(?<foo>b)c/u, '$<foo>')
</script>
",
]
`;
